# dmidecode 3.0
Getting SMBIOS data from sysfs.
SMBIOS 2.4 present.
164 structures occupying 4853 bytes.
Table at 0x000EB01F.

Handle 0x0000, DMI type 0, 24 bytes
BIOS Information
	Vendor: Xen
	Version: 4.2.amazon
	Release Date: 08/24/2006
	Address: 0xE8000
	Runtime Size: 96 kB
	ROM Size: 64 kB
	Characteristics:
		PCI is supported
		EDD is supported
		Targeted content distribution is supported
	BIOS Revision: 4.2

Handle 0x0100, DMI type 1, 27 bytes
System Information
	Manufacturer: Xen
	Product Name: HVM domU
	Version: 4.2.amazon
	Serial Number: ec22d613-892a-c6b2-ad0f-724bea29a691
	UUID: EC22D613-892A-C6B2-AD0F-724BEA29A691
	Wake-up Type: Power Switch
	SKU Number: Not Specified
	Family: Not Specified

Handle 0x0300, DMI type 3, 13 bytes
Chassis Information
	Manufacturer: Xen
	Type: Other
	Lock: Not Present
	Version: Not Specified
	Serial Number: Not Specified
	Asset Tag: Not Specified
	Boot-up State: Safe
	Power Supply State: Safe
	Thermal State: Safe
	Security Status: Unknown

Handle 0x0401, DMI type 4, 26 bytes
Processor Information
	Socket Designation: CPU 1
	Type: Central Processor
	Family: Other
	Manufacturer: Intel
	ID: F1 06 04 00 FF FB 89 17
	Version: Not Specified
	Voltage: Unknown
	External Clock: Unknown
	Max Speed: 2300 MHz
	Current Speed: 2300 MHz
	Status: Populated, Enabled
	Upgrade: Other

Handle 0x0402, DMI type 4, 26 bytes
Processor Information
	Socket Designation: CPU 2
	Type: Central Processor
	Family: Other
	Manufacturer: Intel
	ID: F1 06 04 00 FF FB 89 17
	Version: Not Specified
	Voltage: Unknown
	External Clock: Unknown
	Max Speed: 2300 MHz
	Current Speed: 2300 MHz
	Status: Populated, Enabled
	Upgrade: Other

Handle 0x0403, DMI type 4, 26 bytes
Processor Information
	Socket Designation: CPU 3
	Type: Central Processor
	Family: Other
	Manufacturer: Intel
	ID: F1 06 04 00 FF FB 89 17
	Version: Not Specified
	Voltage: Unknown
	External Clock: Unknown
	Max Speed: 2300 MHz
	Current Speed: 2300 MHz
	Status: Populated, Enabled
	Upgrade: Other

Handle 0x0404, DMI type 4, 26 bytes
Processor Information
	Socket Designation: CPU 4
	Type: Central Processor
	Family: Other
	Manufacturer: Intel
	ID: F1 06 04 00 FF FB 89 17
	Version: Not Specified
	Voltage: Unknown
	External Clock: Unknown
	Max Speed: 2300 MHz
	Current Speed: 2300 MHz
	Status: Populated, Enabled
	Upgrade: Other

Handle 0x0405, DMI type 4, 26 bytes
Processor Information
	Socket Designation: CPU 5
	Type: Central Processor
	Family: Other
	Manufacturer: Intel
	ID: F1 06 04 00 FF FB 89 17
	Version: Not Specified
	Voltage: Unknown
	External Clock: Unknown
	Max Speed: 2300 MHz
	Current Speed: 2300 MHz
	Status: Populated, Enabled
	Upgrade: Other

Handle 0x0406, DMI type 4, 26 bytes
Processor Information
	Socket Designation: CPU 6
	Type: Central Processor
	Family: Other
	Manufacturer: Intel
	ID: F1 06 04 00 FF FB 89 17
	Version: Not Specified
	Voltage: Unknown
	External Clock: Unknown
	Max Speed: 2300 MHz
	Current Speed: 2300 MHz
	Status: Populated, Enabled
	Upgrade: Other

Handle 0x0407, DMI type 4, 26 bytes
Processor Information
	Socket Designation: CPU 7
	Type: Central Processor
	Family: Other
	Manufacturer: Intel
	ID: F1 06 04 00 FF FB 89 17
	Version: Not Specified
	Voltage: Unknown
	External Clock: Unknown
	Max Speed: 2300 MHz
	Current Speed: 2300 MHz
	Status: Populated, Enabled
	Upgrade: Other

Handle 0x0408, DMI type 4, 26 bytes
Processor Information
	Socket Designation: CPU 8
	Type: Central Processor
	Family: Other
	Manufacturer: Intel
	ID: F1 06 04 00 FF FB 89 17
	Version: Not Specified
	Voltage: Unknown
	External Clock: Unknown
	Max Speed: 2300 MHz
	Current Speed: 2300 MHz
	Status: Populated, Enabled
	Upgrade: Other

Handle 0x0409, DMI type 4, 26 bytes
Processor Information
	Socket Designation: CPU 9
	Type: Central Processor
	Family: Other
	Manufacturer: Intel
	ID: F1 06 04 00 FF FB 89 17
	Version: Not Specified
	Voltage: Unknown
	External Clock: Unknown
	Max Speed: 2300 MHz
	Current Speed: 2300 MHz
	Status: Populated, Enabled
	Upgrade: Other

Handle 0x040A, DMI type 4, 26 bytes
Processor Information
	Socket Designation: CPU 10
	Type: Central Processor
	Family: Other
	Manufacturer: Intel
	ID: F1 06 04 00 FF FB 89 17
	Version: Not Specified
	Voltage: Unknown
	External Clock: Unknown
	Max Speed: 2300 MHz
	Current Speed: 2300 MHz
	Status: Populated, Enabled
	Upgrade: Other

Handle 0x040B, DMI type 4, 26 bytes
Processor Information
	Socket Designation: CPU 11
	Type: Central Processor
	Family: Other
	Manufacturer: Intel
	ID: F1 06 04 00 FF FB 89 17
	Version: Not Specified
	Voltage: Unknown
	External Clock: Unknown
	Max Speed: 2300 MHz
	Current Speed: 2300 MHz
	Status: Populated, Enabled
	Upgrade: Other

Handle 0x040C, DMI type 4, 26 bytes
Processor Information
	Socket Designation: CPU 12
	Type: Central Processor
	Family: Other
	Manufacturer: Intel
	ID: F1 06 04 00 FF FB 89 17
	Version: Not Specified
	Voltage: Unknown
	External Clock: Unknown
	Max Speed: 2300 MHz
	Current Speed: 2300 MHz
	Status: Populated, Enabled
	Upgrade: Other

Handle 0x040D, DMI type 4, 26 bytes
Processor Information
	Socket Designation: CPU 13
	Type: Central Processor
	Family: Other
	Manufacturer: Intel
	ID: F1 06 04 00 FF FB 89 17
	Version: Not Specified
	Voltage: Unknown
	External Clock: Unknown
	Max Speed: 2300 MHz
	Current Speed: 2300 MHz
	Status: Populated, Enabled
	Upgrade: Other

Handle 0x040E, DMI type 4, 26 bytes
Processor Information
	Socket Designation: CPU 14
	Type: Central Processor
	Family: Other
	Manufacturer: Intel
	ID: F1 06 04 00 FF FB 89 17
	Version: Not Specified
	Voltage: Unknown
	External Clock: Unknown
	Max Speed: 2300 MHz
	Current Speed: 2300 MHz
	Status: Populated, Enabled
	Upgrade: Other

Handle 0x040F, DMI type 4, 26 bytes
Processor Information
	Socket Designation: CPU 15
	Type: Central Processor
	Family: Other
	Manufacturer: Intel
	ID: F1 06 04 00 FF FB 89 17
	Version: Not Specified
	Voltage: Unknown
	External Clock: Unknown
	Max Speed: 2300 MHz
	Current Speed: 2300 MHz
	Status: Populated, Enabled
	Upgrade: Other

Handle 0x0410, DMI type 4, 26 bytes
Processor Information
	Socket Designation: CPU 16
	Type: Central Processor
	Family: Other
	Manufacturer: Intel
	ID: F1 06 04 00 FF FB 89 17
	Version: Not Specified
	Voltage: Unknown
	External Clock: Unknown
	Max Speed: 2300 MHz
	Current Speed: 2300 MHz
	Status: Populated, Enabled
	Upgrade: Other

Handle 0x0411, DMI type 4, 26 bytes
Processor Information
	Socket Designation: CPU 17
	Type: Central Processor
	Family: Other
	Manufacturer: Intel
	ID: F1 06 04 00 FF FB 89 17
	Version: Not Specified
	Voltage: Unknown
	External Clock: Unknown
	Max Speed: 2300 MHz
	Current Speed: 2300 MHz
	Status: Populated, Enabled
	Upgrade: Other

Handle 0x0412, DMI type 4, 26 bytes
Processor Information
	Socket Designation: CPU 18
	Type: Central Processor
	Family: Other
	Manufacturer: Intel
	ID: F1 06 04 00 FF FB 89 17
	Version: Not Specified
	Voltage: Unknown
	External Clock: Unknown
	Max Speed: 2300 MHz
	Current Speed: 2300 MHz
	Status: Populated, Enabled
	Upgrade: Other

Handle 0x0413, DMI type 4, 26 bytes
Processor Information
	Socket Designation: CPU 19
	Type: Central Processor
	Family: Other
	Manufacturer: Intel
	ID: F1 06 04 00 FF FB 89 17
	Version: Not Specified
	Voltage: Unknown
	External Clock: Unknown
	Max Speed: 2300 MHz
	Current Speed: 2300 MHz
	Status: Populated, Enabled
	Upgrade: Other

Handle 0x0414, DMI type 4, 26 bytes
Processor Information
	Socket Designation: CPU 20
	Type: Central Processor
	Family: Other
	Manufacturer: Intel
	ID: F1 06 04 00 FF FB 89 17
	Version: Not Specified
	Voltage: Unknown
	External Clock: Unknown
	Max Speed: 2300 MHz
	Current Speed: 2300 MHz
	Status: Populated, Enabled
	Upgrade: Other

Handle 0x0415, DMI type 4, 26 bytes
Processor Information
	Socket Designation: CPU 21
	Type: Central Processor
	Family: Other
	Manufacturer: Intel
	ID: F1 06 04 00 FF FB 89 17
	Version: Not Specified
	Voltage: Unknown
	External Clock: Unknown
	Max Speed: 2300 MHz
	Current Speed: 2300 MHz
	Status: Populated, Enabled
	Upgrade: Other

Handle 0x0416, DMI type 4, 26 bytes
Processor Information
	Socket Designation: CPU 22
	Type: Central Processor
	Family: Other
	Manufacturer: Intel
	ID: F1 06 04 00 FF FB 89 17
	Version: Not Specified
	Voltage: Unknown
	External Clock: Unknown
	Max Speed: 2300 MHz
	Current Speed: 2300 MHz
	Status: Populated, Enabled
	Upgrade: Other

Handle 0x0417, DMI type 4, 26 bytes
Processor Information
	Socket Designation: CPU 23
	Type: Central Processor
	Family: Other
	Manufacturer: Intel
	ID: F1 06 04 00 FF FB 89 17
	Version: Not Specified
	Voltage: Unknown
	External Clock: Unknown
	Max Speed: 2300 MHz
	Current Speed: 2300 MHz
	Status: Populated, Enabled
	Upgrade: Other

Handle 0x0418, DMI type 4, 26 bytes
Processor Information
	Socket Designation: CPU 24
	Type: Central Processor
	Family: Other
	Manufacturer: Intel
	ID: F1 06 04 00 FF FB 89 17
	Version: Not Specified
	Voltage: Unknown
	External Clock: Unknown
	Max Speed: 2300 MHz
	Current Speed: 2300 MHz
	Status: Populated, Enabled
	Upgrade: Other

Handle 0x0419, DMI type 4, 26 bytes
Processor Information
	Socket Designation: CPU 25
	Type: Central Processor
	Family: Other
	Manufacturer: Intel
	ID: F1 06 04 00 FF FB 89 17
	Version: Not Specified
	Voltage: Unknown
	External Clock: Unknown
	Max Speed: 2300 MHz
	Current Speed: 2300 MHz
	Status: Populated, Enabled
	Upgrade: Other

Handle 0x041A, DMI type 4, 26 bytes
Processor Information
	Socket Designation: CPU 26
	Type: Central Processor
	Family: Other
	Manufacturer: Intel
	ID: F1 06 04 00 FF FB 89 17
	Version: Not Specified
	Voltage: Unknown
	External Clock: Unknown
	Max Speed: 2300 MHz
	Current Speed: 2300 MHz
	Status: Populated, Enabled
	Upgrade: Other

Handle 0x041B, DMI type 4, 26 bytes
Processor Information
	Socket Designation: CPU 27
	Type: Central Processor
	Family: Other
	Manufacturer: Intel
	ID: F1 06 04 00 FF FB 89 17
	Version: Not Specified
	Voltage: Unknown
	External Clock: Unknown
	Max Speed: 2300 MHz
	Current Speed: 2300 MHz
	Status: Populated, Enabled
	Upgrade: Other

Handle 0x041C, DMI type 4, 26 bytes
Processor Information
	Socket Designation: CPU 28
	Type: Central Processor
	Family: Other
	Manufacturer: Intel
	ID: F1 06 04 00 FF FB 89 17
	Version: Not Specified
	Voltage: Unknown
	External Clock: Unknown
	Max Speed: 2300 MHz
	Current Speed: 2300 MHz
	Status: Populated, Enabled
	Upgrade: Other

Handle 0x041D, DMI type 4, 26 bytes
Processor Information
	Socket Designation: CPU 29
	Type: Central Processor
	Family: Other
	Manufacturer: Intel
	ID: F1 06 04 00 FF FB 89 17
	Version: Not Specified
	Voltage: Unknown
	External Clock: Unknown
	Max Speed: 2300 MHz
	Current Speed: 2300 MHz
	Status: Populated, Enabled
	Upgrade: Other

Handle 0x041E, DMI type 4, 26 bytes
Processor Information
	Socket Designation: CPU 30
	Type: Central Processor
	Family: Other
	Manufacturer: Intel
	ID: F1 06 04 00 FF FB 89 17
	Version: Not Specified
	Voltage: Unknown
	External Clock: Unknown
	Max Speed: 2300 MHz
	Current Speed: 2300 MHz
	Status: Populated, Enabled
	Upgrade: Other

Handle 0x041F, DMI type 4, 26 bytes
Processor Information
	Socket Designation: CPU 31
	Type: Central Processor
	Family: Other
	Manufacturer: Intel
	ID: F1 06 04 00 FF FB 89 17
	Version: Not Specified
	Voltage: Unknown
	External Clock: Unknown
	Max Speed: 2300 MHz
	Current Speed: 2300 MHz
	Status: Populated, Enabled
	Upgrade: Other

Handle 0x0420, DMI type 4, 26 bytes
Processor Information
	Socket Designation: CPU 32
	Type: Central Processor
	Family: Other
	Manufacturer: Intel
	ID: F1 06 04 00 FF FB 89 17
	Version: Not Specified
	Voltage: Unknown
	External Clock: Unknown
	Max Speed: 2300 MHz
	Current Speed: 2300 MHz
	Status: Populated, Enabled
	Upgrade: Other

Handle 0x0421, DMI type 4, 26 bytes
Processor Information
	Socket Designation: CPU 33
	Type: Central Processor
	Family: Other
	Manufacturer: Intel
	ID: F1 06 04 00 FF FB 89 17
	Version: Not Specified
	Voltage: Unknown
	External Clock: Unknown
	Max Speed: 2300 MHz
	Current Speed: 2300 MHz
	Status: Populated, Enabled
	Upgrade: Other

Handle 0x0422, DMI type 4, 26 bytes
Processor Information
	Socket Designation: CPU 34
	Type: Central Processor
	Family: Other
	Manufacturer: Intel
	ID: F1 06 04 00 FF FB 89 17
	Version: Not Specified
	Voltage: Unknown
	External Clock: Unknown
	Max Speed: 2300 MHz
	Current Speed: 2300 MHz
	Status: Populated, Enabled
	Upgrade: Other

Handle 0x0423, DMI type 4, 26 bytes
Processor Information
	Socket Designation: CPU 35
	Type: Central Processor
	Family: Other
	Manufacturer: Intel
	ID: F1 06 04 00 FF FB 89 17
	Version: Not Specified
	Voltage: Unknown
	External Clock: Unknown
	Max Speed: 2300 MHz
	Current Speed: 2300 MHz
	Status: Populated, Enabled
	Upgrade: Other

Handle 0x0424, DMI type 4, 26 bytes
Processor Information
	Socket Designation: CPU 36
	Type: Central Processor
	Family: Other
	Manufacturer: Intel
	ID: F1 06 04 00 FF FB 89 17
	Version: Not Specified
	Voltage: Unknown
	External Clock: Unknown
	Max Speed: 2300 MHz
	Current Speed: 2300 MHz
	Status: Populated, Enabled
	Upgrade: Other

Handle 0x0425, DMI type 4, 26 bytes
Processor Information
	Socket Designation: CPU 37
	Type: Central Processor
	Family: Other
	Manufacturer: Intel
	ID: F1 06 04 00 FF FB 89 17
	Version: Not Specified
	Voltage: Unknown
	External Clock: Unknown
	Max Speed: 2300 MHz
	Current Speed: 2300 MHz
	Status: Populated, Enabled
	Upgrade: Other

Handle 0x0426, DMI type 4, 26 bytes
Processor Information
	Socket Designation: CPU 38
	Type: Central Processor
	Family: Other
	Manufacturer: Intel
	ID: F1 06 04 00 FF FB 89 17
	Version: Not Specified
	Voltage: Unknown
	External Clock: Unknown
	Max Speed: 2300 MHz
	Current Speed: 2300 MHz
	Status: Populated, Enabled
	Upgrade: Other

Handle 0x0427, DMI type 4, 26 bytes
Processor Information
	Socket Designation: CPU 39
	Type: Central Processor
	Family: Other
	Manufacturer: Intel
	ID: F1 06 04 00 FF FB 89 17
	Version: Not Specified
	Voltage: Unknown
	External Clock: Unknown
	Max Speed: 2300 MHz
	Current Speed: 2300 MHz
	Status: Populated, Enabled
	Upgrade: Other

Handle 0x0428, DMI type 4, 26 bytes
Processor Information
	Socket Designation: CPU 40
	Type: Central Processor
	Family: Other
	Manufacturer: Intel
	ID: F1 06 04 00 FF FB 89 17
	Version: Not Specified
	Voltage: Unknown
	External Clock: Unknown
	Max Speed: 2300 MHz
	Current Speed: 2300 MHz
	Status: Populated, Enabled
	Upgrade: Other

Handle 0x0429, DMI type 4, 26 bytes
Processor Information
	Socket Designation: CPU 41
	Type: Central Processor
	Family: Other
	Manufacturer: Intel
	ID: F1 06 04 00 FF FB 89 17
	Version: Not Specified
	Voltage: Unknown
	External Clock: Unknown
	Max Speed: 2300 MHz
	Current Speed: 2300 MHz
	Status: Populated, Enabled
	Upgrade: Other

Handle 0x042A, DMI type 4, 26 bytes
Processor Information
	Socket Designation: CPU 42
	Type: Central Processor
	Family: Other
	Manufacturer: Intel
	ID: F1 06 04 00 FF FB 89 17
	Version: Not Specified
	Voltage: Unknown
	External Clock: Unknown
	Max Speed: 2300 MHz
	Current Speed: 2300 MHz
	Status: Populated, Enabled
	Upgrade: Other

Handle 0x042B, DMI type 4, 26 bytes
Processor Information
	Socket Designation: CPU 43
	Type: Central Processor
	Family: Other
	Manufacturer: Intel
	ID: F1 06 04 00 FF FB 89 17
	Version: Not Specified
	Voltage: Unknown
	External Clock: Unknown
	Max Speed: 2300 MHz
	Current Speed: 2300 MHz
	Status: Populated, Enabled
	Upgrade: Other

Handle 0x042C, DMI type 4, 26 bytes
Processor Information
	Socket Designation: CPU 44
	Type: Central Processor
	Family: Other
	Manufacturer: Intel
	ID: F1 06 04 00 FF FB 89 17
	Version: Not Specified
	Voltage: Unknown
	External Clock: Unknown
	Max Speed: 2300 MHz
	Current Speed: 2300 MHz
	Status: Populated, Enabled
	Upgrade: Other

Handle 0x042D, DMI type 4, 26 bytes
Processor Information
	Socket Designation: CPU 45
	Type: Central Processor
	Family: Other
	Manufacturer: Intel
	ID: F1 06 04 00 FF FB 89 17
	Version: Not Specified
	Voltage: Unknown
	External Clock: Unknown
	Max Speed: 2300 MHz
	Current Speed: 2300 MHz
	Status: Populated, Enabled
	Upgrade: Other

Handle 0x042E, DMI type 4, 26 bytes
Processor Information
	Socket Designation: CPU 46
	Type: Central Processor
	Family: Other
	Manufacturer: Intel
	ID: F1 06 04 00 FF FB 89 17
	Version: Not Specified
	Voltage: Unknown
	External Clock: Unknown
	Max Speed: 2300 MHz
	Current Speed: 2300 MHz
	Status: Populated, Enabled
	Upgrade: Other

Handle 0x042F, DMI type 4, 26 bytes
Processor Information
	Socket Designation: CPU 47
	Type: Central Processor
	Family: Other
	Manufacturer: Intel
	ID: F1 06 04 00 FF FB 89 17
	Version: Not Specified
	Voltage: Unknown
	External Clock: Unknown
	Max Speed: 2300 MHz
	Current Speed: 2300 MHz
	Status: Populated, Enabled
	Upgrade: Other

Handle 0x0430, DMI type 4, 26 bytes
Processor Information
	Socket Designation: CPU 48
	Type: Central Processor
	Family: Other
	Manufacturer: Intel
	ID: F1 06 04 00 FF FB 89 17
	Version: Not Specified
	Voltage: Unknown
	External Clock: Unknown
	Max Speed: 2300 MHz
	Current Speed: 2300 MHz
	Status: Populated, Enabled
	Upgrade: Other

Handle 0x0431, DMI type 4, 26 bytes
Processor Information
	Socket Designation: CPU 49
	Type: Central Processor
	Family: Other
	Manufacturer: Intel
	ID: F1 06 04 00 FF FB 89 17
	Version: Not Specified
	Voltage: Unknown
	External Clock: Unknown
	Max Speed: 2300 MHz
	Current Speed: 2300 MHz
	Status: Populated, Enabled
	Upgrade: Other

Handle 0x0432, DMI type 4, 26 bytes
Processor Information
	Socket Designation: CPU 50
	Type: Central Processor
	Family: Other
	Manufacturer: Intel
	ID: F1 06 04 00 FF FB 89 17
	Version: Not Specified
	Voltage: Unknown
	External Clock: Unknown
	Max Speed: 2300 MHz
	Current Speed: 2300 MHz
	Status: Populated, Enabled
	Upgrade: Other

Handle 0x0433, DMI type 4, 26 bytes
Processor Information
	Socket Designation: CPU 51
	Type: Central Processor
	Family: Other
	Manufacturer: Intel
	ID: F1 06 04 00 FF FB 89 17
	Version: Not Specified
	Voltage: Unknown
	External Clock: Unknown
	Max Speed: 2300 MHz
	Current Speed: 2300 MHz
	Status: Populated, Enabled
	Upgrade: Other

Handle 0x0434, DMI type 4, 26 bytes
Processor Information
	Socket Designation: CPU 52
	Type: Central Processor
	Family: Other
	Manufacturer: Intel
	ID: F1 06 04 00 FF FB 89 17
	Version: Not Specified
	Voltage: Unknown
	External Clock: Unknown
	Max Speed: 2300 MHz
	Current Speed: 2300 MHz
	Status: Populated, Enabled
	Upgrade: Other

Handle 0x0435, DMI type 4, 26 bytes
Processor Information
	Socket Designation: CPU 53
	Type: Central Processor
	Family: Other
	Manufacturer: Intel
	ID: F1 06 04 00 FF FB 89 17
	Version: Not Specified
	Voltage: Unknown
	External Clock: Unknown
	Max Speed: 2300 MHz
	Current Speed: 2300 MHz
	Status: Populated, Enabled
	Upgrade: Other

Handle 0x0436, DMI type 4, 26 bytes
Processor Information
	Socket Designation: CPU 54
	Type: Central Processor
	Family: Other
	Manufacturer: Intel
	ID: F1 06 04 00 FF FB 89 17
	Version: Not Specified
	Voltage: Unknown
	External Clock: Unknown
	Max Speed: 2300 MHz
	Current Speed: 2300 MHz
	Status: Populated, Enabled
	Upgrade: Other

Handle 0x0437, DMI type 4, 26 bytes
Processor Information
	Socket Designation: CPU 55
	Type: Central Processor
	Family: Other
	Manufacturer: Intel
	ID: F1 06 04 00 FF FB 89 17
	Version: Not Specified
	Voltage: Unknown
	External Clock: Unknown
	Max Speed: 2300 MHz
	Current Speed: 2300 MHz
	Status: Populated, Enabled
	Upgrade: Other

Handle 0x0438, DMI type 4, 26 bytes
Processor Information
	Socket Designation: CPU 56
	Type: Central Processor
	Family: Other
	Manufacturer: Intel
	ID: F1 06 04 00 FF FB 89 17
	Version: Not Specified
	Voltage: Unknown
	External Clock: Unknown
	Max Speed: 2300 MHz
	Current Speed: 2300 MHz
	Status: Populated, Enabled
	Upgrade: Other

Handle 0x0439, DMI type 4, 26 bytes
Processor Information
	Socket Designation: CPU 57
	Type: Central Processor
	Family: Other
	Manufacturer: Intel
	ID: F1 06 04 00 FF FB 89 17
	Version: Not Specified
	Voltage: Unknown
	External Clock: Unknown
	Max Speed: 2300 MHz
	Current Speed: 2300 MHz
	Status: Populated, Enabled
	Upgrade: Other

Handle 0x043A, DMI type 4, 26 bytes
Processor Information
	Socket Designation: CPU 58
	Type: Central Processor
	Family: Other
	Manufacturer: Intel
	ID: F1 06 04 00 FF FB 89 17
	Version: Not Specified
	Voltage: Unknown
	External Clock: Unknown
	Max Speed: 2300 MHz
	Current Speed: 2300 MHz
	Status: Populated, Enabled
	Upgrade: Other

Handle 0x043B, DMI type 4, 26 bytes
Processor Information
	Socket Designation: CPU 59
	Type: Central Processor
	Family: Other
	Manufacturer: Intel
	ID: F1 06 04 00 FF FB 89 17
	Version: Not Specified
	Voltage: Unknown
	External Clock: Unknown
	Max Speed: 2300 MHz
	Current Speed: 2300 MHz
	Status: Populated, Enabled
	Upgrade: Other

Handle 0x043C, DMI type 4, 26 bytes
Processor Information
	Socket Designation: CPU 60
	Type: Central Processor
	Family: Other
	Manufacturer: Intel
	ID: F1 06 04 00 FF FB 89 17
	Version: Not Specified
	Voltage: Unknown
	External Clock: Unknown
	Max Speed: 2300 MHz
	Current Speed: 2300 MHz
	Status: Populated, Enabled
	Upgrade: Other

Handle 0x043D, DMI type 4, 26 bytes
Processor Information
	Socket Designation: CPU 61
	Type: Central Processor
	Family: Other
	Manufacturer: Intel
	ID: F1 06 04 00 FF FB 89 17
	Version: Not Specified
	Voltage: Unknown
	External Clock: Unknown
	Max Speed: 2300 MHz
	Current Speed: 2300 MHz
	Status: Populated, Enabled
	Upgrade: Other

Handle 0x043E, DMI type 4, 26 bytes
Processor Information
	Socket Designation: CPU 62
	Type: Central Processor
	Family: Other
	Manufacturer: Intel
	ID: F1 06 04 00 FF FB 89 17
	Version: Not Specified
	Voltage: Unknown
	External Clock: Unknown
	Max Speed: 2300 MHz
	Current Speed: 2300 MHz
	Status: Populated, Enabled
	Upgrade: Other

Handle 0x043F, DMI type 4, 26 bytes
Processor Information
	Socket Designation: CPU 63
	Type: Central Processor
	Family: Other
	Manufacturer: Intel
	ID: F1 06 04 00 FF FB 89 17
	Version: Not Specified
	Voltage: Unknown
	External Clock: Unknown
	Max Speed: 2300 MHz
	Current Speed: 2300 MHz
	Status: Populated, Enabled
	Upgrade: Other

Handle 0x0440, DMI type 4, 26 bytes
Processor Information
	Socket Designation: CPU 64
	Type: Central Processor
	Family: Other
	Manufacturer: Intel
	ID: F1 06 04 00 FF FB 89 17
	Version: Not Specified
	Voltage: Unknown
	External Clock: Unknown
	Max Speed: 2300 MHz
	Current Speed: 2300 MHz
	Status: Populated, Enabled
	Upgrade: Other

Handle 0x0B00, DMI type 11, 5 bytes
OEM Strings
	String 1: Xen

Handle 0x1000, DMI type 16, 15 bytes
Physical Memory Array
	Location: Other
	Use: System Memory
	Error Correction Type: Multi-bit ECC
	Maximum Capacity: 488 GB
	Error Information Handle: Not Provided
	Number Of Devices: 31

Handle 0x1100, DMI type 17, 21 bytes
Memory Device
	Array Handle: 0x1000
	Error Information Handle: 0x0000
	Total Width: 64 bits
	Data Width: 64 bits
	Size: 16384 MB
	Form Factor: DIMM
	Set: None
	Locator: DIMM 0
	Bank Locator: Not Specified
	Type: RAM
	Type Detail: None

Handle 0x1300, DMI type 19, 15 bytes
Memory Array Mapped Address
	Starting Address: 0x00000000000
	Ending Address: 0x003FFFFFFFF
	Range Size: 16 GB
	Physical Array Handle: 0x1000
	Partition Width: 1

Handle 0x1400, DMI type 20, 19 bytes
Memory Device Mapped Address
	Starting Address: 0x00000000000
	Ending Address: 0x003FFFFFFFF
	Range Size: 16 GB
	Physical Device Handle: 0x1100
	Memory Array Mapped Address Handle: 0x1300
	Partition Row Position: 1

Handle 0x1101, DMI type 17, 21 bytes
Memory Device
	Array Handle: 0x1000
	Error Information Handle: 0x0000
	Total Width: 64 bits
	Data Width: 64 bits
	Size: 16384 MB
	Form Factor: DIMM
	Set: None
	Locator: DIMM 1
	Bank Locator: Not Specified
	Type: RAM
	Type Detail: None

Handle 0x1301, DMI type 19, 15 bytes
Memory Array Mapped Address
	Starting Address: 0x00400000000
	Ending Address: 0x007FFFFFFFF
	Range Size: 16 GB
	Physical Array Handle: 0x1000
	Partition Width: 1

Handle 0x1401, DMI type 20, 19 bytes
Memory Device Mapped Address
	Starting Address: 0x00400000000
	Ending Address: 0x007FFFFFFFF
	Range Size: 16 GB
	Physical Device Handle: 0x1101
	Memory Array Mapped Address Handle: 0x1301
	Partition Row Position: 1

Handle 0x1102, DMI type 17, 21 bytes
Memory Device
	Array Handle: 0x1000
	Error Information Handle: 0x0000
	Total Width: 64 bits
	Data Width: 64 bits
	Size: 16384 MB
	Form Factor: DIMM
	Set: None
	Locator: DIMM 2
	Bank Locator: Not Specified
	Type: RAM
	Type Detail: None

Handle 0x1302, DMI type 19, 15 bytes
Memory Array Mapped Address
	Starting Address: 0x00800000000
	Ending Address: 0x00BFFFFFFFF
	Range Size: 16 GB
	Physical Array Handle: 0x1000
	Partition Width: 1

Handle 0x1402, DMI type 20, 19 bytes
Memory Device Mapped Address
	Starting Address: 0x00800000000
	Ending Address: 0x00BFFFFFFFF
	Range Size: 16 GB
	Physical Device Handle: 0x1102
	Memory Array Mapped Address Handle: 0x1302
	Partition Row Position: 1

Handle 0x1103, DMI type 17, 21 bytes
Memory Device
	Array Handle: 0x1000
	Error Information Handle: 0x0000
	Total Width: 64 bits
	Data Width: 64 bits
	Size: 16384 MB
	Form Factor: DIMM
	Set: None
	Locator: DIMM 3
	Bank Locator: Not Specified
	Type: RAM
	Type Detail: None

Handle 0x1303, DMI type 19, 15 bytes
Memory Array Mapped Address
	Starting Address: 0x00C00000000
	Ending Address: 0x00FFFFFFFFF
	Range Size: 16 GB
	Physical Array Handle: 0x1000
	Partition Width: 1

Handle 0x1403, DMI type 20, 19 bytes
Memory Device Mapped Address
	Starting Address: 0x00C00000000
	Ending Address: 0x00FFFFFFFFF
	Range Size: 16 GB
	Physical Device Handle: 0x1103
	Memory Array Mapped Address Handle: 0x1303
	Partition Row Position: 1

Handle 0x1104, DMI type 17, 21 bytes
Memory Device
	Array Handle: 0x1000
	Error Information Handle: 0x0000
	Total Width: 64 bits
	Data Width: 64 bits
	Size: 16384 MB
	Form Factor: DIMM
	Set: None
	Locator: DIMM 4
	Bank Locator: Not Specified
	Type: RAM
	Type Detail: None

Handle 0x1304, DMI type 19, 15 bytes
Memory Array Mapped Address
	Starting Address: 0x01000000000
	Ending Address: 0x013FFFFFFFF
	Range Size: 16 GB
	Physical Array Handle: 0x1000
	Partition Width: 1

Handle 0x1404, DMI type 20, 19 bytes
Memory Device Mapped Address
	Starting Address: 0x01000000000
	Ending Address: 0x013FFFFFFFF
	Range Size: 16 GB
	Physical Device Handle: 0x1104
	Memory Array Mapped Address Handle: 0x1304
	Partition Row Position: 1

Handle 0x1105, DMI type 17, 21 bytes
Memory Device
	Array Handle: 0x1000
	Error Information Handle: 0x0000
	Total Width: 64 bits
	Data Width: 64 bits
	Size: 16384 MB
	Form Factor: DIMM
	Set: None
	Locator: DIMM 5
	Bank Locator: Not Specified
	Type: RAM
	Type Detail: None

Handle 0x1305, DMI type 19, 15 bytes
Memory Array Mapped Address
	Starting Address: 0x01400000000
	Ending Address: 0x017FFFFFFFF
	Range Size: 16 GB
	Physical Array Handle: 0x1000
	Partition Width: 1

Handle 0x1405, DMI type 20, 19 bytes
Memory Device Mapped Address
	Starting Address: 0x01400000000
	Ending Address: 0x017FFFFFFFF
	Range Size: 16 GB
	Physical Device Handle: 0x1105
	Memory Array Mapped Address Handle: 0x1305
	Partition Row Position: 1

Handle 0x1106, DMI type 17, 21 bytes
Memory Device
	Array Handle: 0x1000
	Error Information Handle: 0x0000
	Total Width: 64 bits
	Data Width: 64 bits
	Size: 16384 MB
	Form Factor: DIMM
	Set: None
	Locator: DIMM 6
	Bank Locator: Not Specified
	Type: RAM
	Type Detail: None

Handle 0x1306, DMI type 19, 15 bytes
Memory Array Mapped Address
	Starting Address: 0x01800000000
	Ending Address: 0x01BFFFFFFFF
	Range Size: 16 GB
	Physical Array Handle: 0x1000
	Partition Width: 1

Handle 0x1406, DMI type 20, 19 bytes
Memory Device Mapped Address
	Starting Address: 0x01800000000
	Ending Address: 0x01BFFFFFFFF
	Range Size: 16 GB
	Physical Device Handle: 0x1106
	Memory Array Mapped Address Handle: 0x1306
	Partition Row Position: 1

Handle 0x1107, DMI type 17, 21 bytes
Memory Device
	Array Handle: 0x1000
	Error Information Handle: 0x0000
	Total Width: 64 bits
	Data Width: 64 bits
	Size: 16384 MB
	Form Factor: DIMM
	Set: None
	Locator: DIMM 7
	Bank Locator: Not Specified
	Type: RAM
	Type Detail: None

Handle 0x1307, DMI type 19, 15 bytes
Memory Array Mapped Address
	Starting Address: 0x01C00000000
	Ending Address: 0x01FFFFFFFFF
	Range Size: 16 GB
	Physical Array Handle: 0x1000
	Partition Width: 1

Handle 0x1407, DMI type 20, 19 bytes
Memory Device Mapped Address
	Starting Address: 0x01C00000000
	Ending Address: 0x01FFFFFFFFF
	Range Size: 16 GB
	Physical Device Handle: 0x1107
	Memory Array Mapped Address Handle: 0x1307
	Partition Row Position: 1

Handle 0x1108, DMI type 17, 21 bytes
Memory Device
	Array Handle: 0x1000
	Error Information Handle: 0x0000
	Total Width: 64 bits
	Data Width: 64 bits
	Size: 16384 MB
	Form Factor: DIMM
	Set: None
	Locator: DIMM 8
	Bank Locator: Not Specified
	Type: RAM
	Type Detail: None

Handle 0x1308, DMI type 19, 15 bytes
Memory Array Mapped Address
	Starting Address: 0x02000000000
	Ending Address: 0x023FFFFFFFF
	Range Size: 16 GB
	Physical Array Handle: 0x1000
	Partition Width: 1

Handle 0x1408, DMI type 20, 19 bytes
Memory Device Mapped Address
	Starting Address: 0x02000000000
	Ending Address: 0x023FFFFFFFF
	Range Size: 16 GB
	Physical Device Handle: 0x1108
	Memory Array Mapped Address Handle: 0x1308
	Partition Row Position: 1

Handle 0x1109, DMI type 17, 21 bytes
Memory Device
	Array Handle: 0x1000
	Error Information Handle: 0x0000
	Total Width: 64 bits
	Data Width: 64 bits
	Size: 16384 MB
	Form Factor: DIMM
	Set: None
	Locator: DIMM 9
	Bank Locator: Not Specified
	Type: RAM
	Type Detail: None

Handle 0x1309, DMI type 19, 15 bytes
Memory Array Mapped Address
	Starting Address: 0x02400000000
	Ending Address: 0x027FFFFFFFF
	Range Size: 16 GB
	Physical Array Handle: 0x1000
	Partition Width: 1

Handle 0x1409, DMI type 20, 19 bytes
Memory Device Mapped Address
	Starting Address: 0x02400000000
	Ending Address: 0x027FFFFFFFF
	Range Size: 16 GB
	Physical Device Handle: 0x1109
	Memory Array Mapped Address Handle: 0x1309
	Partition Row Position: 1

Handle 0x110A, DMI type 17, 21 bytes
Memory Device
	Array Handle: 0x1000
	Error Information Handle: 0x0000
	Total Width: 64 bits
	Data Width: 64 bits
	Size: 16384 MB
	Form Factor: DIMM
	Set: None
	Locator: DIMM 10
	Bank Locator: Not Specified
	Type: RAM
	Type Detail: None

Handle 0x130A, DMI type 19, 15 bytes
Memory Array Mapped Address
	Starting Address: 0x02800000000
	Ending Address: 0x02BFFFFFFFF
	Range Size: 16 GB
	Physical Array Handle: 0x1000
	Partition Width: 1

Handle 0x140A, DMI type 20, 19 bytes
Memory Device Mapped Address
	Starting Address: 0x02800000000
	Ending Address: 0x02BFFFFFFFF
	Range Size: 16 GB
	Physical Device Handle: 0x110A
	Memory Array Mapped Address Handle: 0x130A
	Partition Row Position: 1

Handle 0x110B, DMI type 17, 21 bytes
Memory Device
	Array Handle: 0x1000
	Error Information Handle: 0x0000
	Total Width: 64 bits
	Data Width: 64 bits
	Size: 16384 MB
	Form Factor: DIMM
	Set: None
	Locator: DIMM 11
	Bank Locator: Not Specified
	Type: RAM
	Type Detail: None

Handle 0x130B, DMI type 19, 15 bytes
Memory Array Mapped Address
	Starting Address: 0x02C00000000
	Ending Address: 0x02FFFFFFFFF
	Range Size: 16 GB
	Physical Array Handle: 0x1000
	Partition Width: 1

Handle 0x140B, DMI type 20, 19 bytes
Memory Device Mapped Address
	Starting Address: 0x02C00000000
	Ending Address: 0x02FFFFFFFFF
	Range Size: 16 GB
	Physical Device Handle: 0x110B
	Memory Array Mapped Address Handle: 0x130B
	Partition Row Position: 1

Handle 0x110C, DMI type 17, 21 bytes
Memory Device
	Array Handle: 0x1000
	Error Information Handle: 0x0000
	Total Width: 64 bits
	Data Width: 64 bits
	Size: 16384 MB
	Form Factor: DIMM
	Set: None
	Locator: DIMM 12
	Bank Locator: Not Specified
	Type: RAM
	Type Detail: None

Handle 0x130C, DMI type 19, 15 bytes
Memory Array Mapped Address
	Starting Address: 0x03000000000
	Ending Address: 0x033FFFFFFFF
	Range Size: 16 GB
	Physical Array Handle: 0x1000
	Partition Width: 1

Handle 0x140C, DMI type 20, 19 bytes
Memory Device Mapped Address
	Starting Address: 0x03000000000
	Ending Address: 0x033FFFFFFFF
	Range Size: 16 GB
	Physical Device Handle: 0x110C
	Memory Array Mapped Address Handle: 0x130C
	Partition Row Position: 1

Handle 0x110D, DMI type 17, 21 bytes
Memory Device
	Array Handle: 0x1000
	Error Information Handle: 0x0000
	Total Width: 64 bits
	Data Width: 64 bits
	Size: 16384 MB
	Form Factor: DIMM
	Set: None
	Locator: DIMM 13
	Bank Locator: Not Specified
	Type: RAM
	Type Detail: None

Handle 0x130D, DMI type 19, 15 bytes
Memory Array Mapped Address
	Starting Address: 0x03400000000
	Ending Address: 0x037FFFFFFFF
	Range Size: 16 GB
	Physical Array Handle: 0x1000
	Partition Width: 1

Handle 0x140D, DMI type 20, 19 bytes
Memory Device Mapped Address
	Starting Address: 0x03400000000
	Ending Address: 0x037FFFFFFFF
	Range Size: 16 GB
	Physical Device Handle: 0x110D
	Memory Array Mapped Address Handle: 0x130D
	Partition Row Position: 1

Handle 0x110E, DMI type 17, 21 bytes
Memory Device
	Array Handle: 0x1000
	Error Information Handle: 0x0000
	Total Width: 64 bits
	Data Width: 64 bits
	Size: 16384 MB
	Form Factor: DIMM
	Set: None
	Locator: DIMM 14
	Bank Locator: Not Specified
	Type: RAM
	Type Detail: None

Handle 0x130E, DMI type 19, 15 bytes
Memory Array Mapped Address
	Starting Address: 0x03800000000
	Ending Address: 0x03BFFFFFFFF
	Range Size: 16 GB
	Physical Array Handle: 0x1000
	Partition Width: 1

Handle 0x140E, DMI type 20, 19 bytes
Memory Device Mapped Address
	Starting Address: 0x03800000000
	Ending Address: 0x03BFFFFFFFF
	Range Size: 16 GB
	Physical Device Handle: 0x110E
	Memory Array Mapped Address Handle: 0x130E
	Partition Row Position: 1

Handle 0x110F, DMI type 17, 21 bytes
Memory Device
	Array Handle: 0x1000
	Error Information Handle: 0x0000
	Total Width: 64 bits
	Data Width: 64 bits
	Size: 16384 MB
	Form Factor: DIMM
	Set: None
	Locator: DIMM 15
	Bank Locator: Not Specified
	Type: RAM
	Type Detail: None

Handle 0x130F, DMI type 19, 15 bytes
Memory Array Mapped Address
	Starting Address: 0x03C00000000
	Ending Address: 0x03FFFFFFFFF
	Range Size: 16 GB
	Physical Array Handle: 0x1000
	Partition Width: 1

Handle 0x140F, DMI type 20, 19 bytes
Memory Device Mapped Address
	Starting Address: 0x03C00000000
	Ending Address: 0x03FFFFFFFFF
	Range Size: 16 GB
	Physical Device Handle: 0x110F
	Memory Array Mapped Address Handle: 0x130F
	Partition Row Position: 1

Handle 0x1110, DMI type 17, 21 bytes
Memory Device
	Array Handle: 0x1000
	Error Information Handle: 0x0000
	Total Width: 64 bits
	Data Width: 64 bits
	Size: 16384 MB
	Form Factor: DIMM
	Set: None
	Locator: DIMM 16
	Bank Locator: Not Specified
	Type: RAM
	Type Detail: None

Handle 0x1310, DMI type 19, 15 bytes
Memory Array Mapped Address
	Starting Address: 0x04000000000
	Ending Address: 0x043FFFFFFFF
	Range Size: 16 GB
	Physical Array Handle: 0x1000
	Partition Width: 1

Handle 0x1410, DMI type 20, 19 bytes
Memory Device Mapped Address
	Starting Address: 0x04000000000
	Ending Address: 0x043FFFFFFFF
	Range Size: 16 GB
	Physical Device Handle: 0x1110
	Memory Array Mapped Address Handle: 0x1310
	Partition Row Position: 1

Handle 0x1111, DMI type 17, 21 bytes
Memory Device
	Array Handle: 0x1000
	Error Information Handle: 0x0000
	Total Width: 64 bits
	Data Width: 64 bits
	Size: 16384 MB
	Form Factor: DIMM
	Set: None
	Locator: DIMM 17
	Bank Locator: Not Specified
	Type: RAM
	Type Detail: None

Handle 0x1311, DMI type 19, 15 bytes
Memory Array Mapped Address
	Starting Address: 0x04400000000
	Ending Address: 0x047FFFFFFFF
	Range Size: 16 GB
	Physical Array Handle: 0x1000
	Partition Width: 1

Handle 0x1411, DMI type 20, 19 bytes
Memory Device Mapped Address
	Starting Address: 0x04400000000
	Ending Address: 0x047FFFFFFFF
	Range Size: 16 GB
	Physical Device Handle: 0x1111
	Memory Array Mapped Address Handle: 0x1311
	Partition Row Position: 1

Handle 0x1112, DMI type 17, 21 bytes
Memory Device
	Array Handle: 0x1000
	Error Information Handle: 0x0000
	Total Width: 64 bits
	Data Width: 64 bits
	Size: 16384 MB
	Form Factor: DIMM
	Set: None
	Locator: DIMM 18
	Bank Locator: Not Specified
	Type: RAM
	Type Detail: None

Handle 0x1312, DMI type 19, 15 bytes
Memory Array Mapped Address
	Starting Address: 0x04800000000
	Ending Address: 0x04BFFFFFFFF
	Range Size: 16 GB
	Physical Array Handle: 0x1000
	Partition Width: 1

Handle 0x1412, DMI type 20, 19 bytes
Memory Device Mapped Address
	Starting Address: 0x04800000000
	Ending Address: 0x04BFFFFFFFF
	Range Size: 16 GB
	Physical Device Handle: 0x1112
	Memory Array Mapped Address Handle: 0x1312
	Partition Row Position: 1

Handle 0x1113, DMI type 17, 21 bytes
Memory Device
	Array Handle: 0x1000
	Error Information Handle: 0x0000
	Total Width: 64 bits
	Data Width: 64 bits
	Size: 16384 MB
	Form Factor: DIMM
	Set: None
	Locator: DIMM 19
	Bank Locator: Not Specified
	Type: RAM
	Type Detail: None

Handle 0x1313, DMI type 19, 15 bytes
Memory Array Mapped Address
	Starting Address: 0x04C00000000
	Ending Address: 0x04FFFFFFFFF
	Range Size: 16 GB
	Physical Array Handle: 0x1000
	Partition Width: 1

Handle 0x1413, DMI type 20, 19 bytes
Memory Device Mapped Address
	Starting Address: 0x04C00000000
	Ending Address: 0x04FFFFFFFFF
	Range Size: 16 GB
	Physical Device Handle: 0x1113
	Memory Array Mapped Address Handle: 0x1313
	Partition Row Position: 1

Handle 0x1114, DMI type 17, 21 bytes
Memory Device
	Array Handle: 0x1000
	Error Information Handle: 0x0000
	Total Width: 64 bits
	Data Width: 64 bits
	Size: 16384 MB
	Form Factor: DIMM
	Set: None
	Locator: DIMM 20
	Bank Locator: Not Specified
	Type: RAM
	Type Detail: None

Handle 0x1314, DMI type 19, 15 bytes
Memory Array Mapped Address
	Starting Address: 0x05000000000
	Ending Address: 0x053FFFFFFFF
	Range Size: 16 GB
	Physical Array Handle: 0x1000
	Partition Width: 1

Handle 0x1414, DMI type 20, 19 bytes
Memory Device Mapped Address
	Starting Address: 0x05000000000
	Ending Address: 0x053FFFFFFFF
	Range Size: 16 GB
	Physical Device Handle: 0x1114
	Memory Array Mapped Address Handle: 0x1314
	Partition Row Position: 1

Handle 0x1115, DMI type 17, 21 bytes
Memory Device
	Array Handle: 0x1000
	Error Information Handle: 0x0000
	Total Width: 64 bits
	Data Width: 64 bits
	Size: 16384 MB
	Form Factor: DIMM
	Set: None
	Locator: DIMM 21
	Bank Locator: Not Specified
	Type: RAM
	Type Detail: None

Handle 0x1315, DMI type 19, 15 bytes
Memory Array Mapped Address
	Starting Address: 0x05400000000
	Ending Address: 0x057FFFFFFFF
	Range Size: 16 GB
	Physical Array Handle: 0x1000
	Partition Width: 1

Handle 0x1415, DMI type 20, 19 bytes
Memory Device Mapped Address
	Starting Address: 0x05400000000
	Ending Address: 0x057FFFFFFFF
	Range Size: 16 GB
	Physical Device Handle: 0x1115
	Memory Array Mapped Address Handle: 0x1315
	Partition Row Position: 1

Handle 0x1116, DMI type 17, 21 bytes
Memory Device
	Array Handle: 0x1000
	Error Information Handle: 0x0000
	Total Width: 64 bits
	Data Width: 64 bits
	Size: 16384 MB
	Form Factor: DIMM
	Set: None
	Locator: DIMM 22
	Bank Locator: Not Specified
	Type: RAM
	Type Detail: None

Handle 0x1316, DMI type 19, 15 bytes
Memory Array Mapped Address
	Starting Address: 0x05800000000
	Ending Address: 0x05BFFFFFFFF
	Range Size: 16 GB
	Physical Array Handle: 0x1000
	Partition Width: 1

Handle 0x1416, DMI type 20, 19 bytes
Memory Device Mapped Address
	Starting Address: 0x05800000000
	Ending Address: 0x05BFFFFFFFF
	Range Size: 16 GB
	Physical Device Handle: 0x1116
	Memory Array Mapped Address Handle: 0x1316
	Partition Row Position: 1

Handle 0x1117, DMI type 17, 21 bytes
Memory Device
	Array Handle: 0x1000
	Error Information Handle: 0x0000
	Total Width: 64 bits
	Data Width: 64 bits
	Size: 16384 MB
	Form Factor: DIMM
	Set: None
	Locator: DIMM 23
	Bank Locator: Not Specified
	Type: RAM
	Type Detail: None

Handle 0x1317, DMI type 19, 15 bytes
Memory Array Mapped Address
	Starting Address: 0x05C00000000
	Ending Address: 0x05FFFFFFFFF
	Range Size: 16 GB
	Physical Array Handle: 0x1000
	Partition Width: 1

Handle 0x1417, DMI type 20, 19 bytes
Memory Device Mapped Address
	Starting Address: 0x05C00000000
	Ending Address: 0x05FFFFFFFFF
	Range Size: 16 GB
	Physical Device Handle: 0x1117
	Memory Array Mapped Address Handle: 0x1317
	Partition Row Position: 1

Handle 0x1118, DMI type 17, 21 bytes
Memory Device
	Array Handle: 0x1000
	Error Information Handle: 0x0000
	Total Width: 64 bits
	Data Width: 64 bits
	Size: 16384 MB
	Form Factor: DIMM
	Set: None
	Locator: DIMM 24
	Bank Locator: Not Specified
	Type: RAM
	Type Detail: None

Handle 0x1318, DMI type 19, 15 bytes
Memory Array Mapped Address
	Starting Address: 0x06000000000
	Ending Address: 0x063FFFFFFFF
	Range Size: 16 GB
	Physical Array Handle: 0x1000
	Partition Width: 1

Handle 0x1418, DMI type 20, 19 bytes
Memory Device Mapped Address
	Starting Address: 0x06000000000
	Ending Address: 0x063FFFFFFFF
	Range Size: 16 GB
	Physical Device Handle: 0x1118
	Memory Array Mapped Address Handle: 0x1318
	Partition Row Position: 1

Handle 0x1119, DMI type 17, 21 bytes
Memory Device
	Array Handle: 0x1000
	Error Information Handle: 0x0000
	Total Width: 64 bits
	Data Width: 64 bits
	Size: 16384 MB
	Form Factor: DIMM
	Set: None
	Locator: DIMM 25
	Bank Locator: Not Specified
	Type: RAM
	Type Detail: None

Handle 0x1319, DMI type 19, 15 bytes
Memory Array Mapped Address
	Starting Address: 0x06400000000
	Ending Address: 0x067FFFFFFFF
	Range Size: 16 GB
	Physical Array Handle: 0x1000
	Partition Width: 1

Handle 0x1419, DMI type 20, 19 bytes
Memory Device Mapped Address
	Starting Address: 0x06400000000
	Ending Address: 0x067FFFFFFFF
	Range Size: 16 GB
	Physical Device Handle: 0x1119
	Memory Array Mapped Address Handle: 0x1319
	Partition Row Position: 1

Handle 0x111A, DMI type 17, 21 bytes
Memory Device
	Array Handle: 0x1000
	Error Information Handle: 0x0000
	Total Width: 64 bits
	Data Width: 64 bits
	Size: 16384 MB
	Form Factor: DIMM
	Set: None
	Locator: DIMM 26
	Bank Locator: Not Specified
	Type: RAM
	Type Detail: None

Handle 0x131A, DMI type 19, 15 bytes
Memory Array Mapped Address
	Starting Address: 0x06800000000
	Ending Address: 0x06BFFFFFFFF
	Range Size: 16 GB
	Physical Array Handle: 0x1000
	Partition Width: 1

Handle 0x141A, DMI type 20, 19 bytes
Memory Device Mapped Address
	Starting Address: 0x06800000000
	Ending Address: 0x06BFFFFFFFF
	Range Size: 16 GB
	Physical Device Handle: 0x111A
	Memory Array Mapped Address Handle: 0x131A
	Partition Row Position: 1

Handle 0x111B, DMI type 17, 21 bytes
Memory Device
	Array Handle: 0x1000
	Error Information Handle: 0x0000
	Total Width: 64 bits
	Data Width: 64 bits
	Size: 16384 MB
	Form Factor: DIMM
	Set: None
	Locator: DIMM 27
	Bank Locator: Not Specified
	Type: RAM
	Type Detail: None

Handle 0x131B, DMI type 19, 15 bytes
Memory Array Mapped Address
	Starting Address: 0x06C00000000
	Ending Address: 0x06FFFFFFFFF
	Range Size: 16 GB
	Physical Array Handle: 0x1000
	Partition Width: 1

Handle 0x141B, DMI type 20, 19 bytes
Memory Device Mapped Address
	Starting Address: 0x06C00000000
	Ending Address: 0x06FFFFFFFFF
	Range Size: 16 GB
	Physical Device Handle: 0x111B
	Memory Array Mapped Address Handle: 0x131B
	Partition Row Position: 1

Handle 0x111C, DMI type 17, 21 bytes
Memory Device
	Array Handle: 0x1000
	Error Information Handle: 0x0000
	Total Width: 64 bits
	Data Width: 64 bits
	Size: 16384 MB
	Form Factor: DIMM
	Set: None
	Locator: DIMM 28
	Bank Locator: Not Specified
	Type: RAM
	Type Detail: None

Handle 0x131C, DMI type 19, 15 bytes
Memory Array Mapped Address
	Starting Address: 0x07000000000
	Ending Address: 0x073FFFFFFFF
	Range Size: 16 GB
	Physical Array Handle: 0x1000
	Partition Width: 1

Handle 0x141C, DMI type 20, 19 bytes
Memory Device Mapped Address
	Starting Address: 0x07000000000
	Ending Address: 0x073FFFFFFFF
	Range Size: 16 GB
	Physical Device Handle: 0x111C
	Memory Array Mapped Address Handle: 0x131C
	Partition Row Position: 1

Handle 0x111D, DMI type 17, 21 bytes
Memory Device
	Array Handle: 0x1000
	Error Information Handle: 0x0000
	Total Width: 64 bits
	Data Width: 64 bits
	Size: 16384 MB
	Form Factor: DIMM
	Set: None
	Locator: DIMM 29
	Bank Locator: Not Specified
	Type: RAM
	Type Detail: None

Handle 0x131D, DMI type 19, 15 bytes
Memory Array Mapped Address
	Starting Address: 0x07400000000
	Ending Address: 0x077FFFFFFFF
	Range Size: 16 GB
	Physical Array Handle: 0x1000
	Partition Width: 1

Handle 0x141D, DMI type 20, 19 bytes
Memory Device Mapped Address
	Starting Address: 0x07400000000
	Ending Address: 0x077FFFFFFFF
	Range Size: 16 GB
	Physical Device Handle: 0x111D
	Memory Array Mapped Address Handle: 0x131D
	Partition Row Position: 1

Handle 0x111E, DMI type 17, 21 bytes
Memory Device
	Array Handle: 0x1000
	Error Information Handle: 0x0000
	Total Width: 64 bits
	Data Width: 64 bits
	Size: 8192 MB
	Form Factor: DIMM
	Set: None
	Locator: DIMM 30
	Bank Locator: Not Specified
	Type: RAM
	Type Detail: None

Handle 0x131E, DMI type 19, 15 bytes
Memory Array Mapped Address
	Starting Address: 0x07800000000
	Ending Address: 0x079FFFFFFFF
	Range Size: 8 GB
	Physical Array Handle: 0x1000
	Partition Width: 1

Handle 0x141E, DMI type 20, 19 bytes
Memory Device Mapped Address
	Starting Address: 0x07800000000
	Ending Address: 0x079FFFFFFFF
	Range Size: 8 GB
	Physical Device Handle: 0x111E
	Memory Array Mapped Address Handle: 0x131E
	Partition Row Position: 1

Handle 0x2000, DMI type 32, 11 bytes
System Boot Information
	Status: No errors detected

Handle 0x7F00, DMI type 127, 4 bytes
End Of Table

